[
	" files: test/snippets/test6/file1.verse test/snippets/test6/file2.verse ",
	{
		"sourcetext":"while",
		"file_name":"test/snippets/test6/file1.verse",
		"line_number":4,
		"token_number":0,
		"char_pos":0
	},
	{
		"sourcetext":"n",
		"file_name":"test/snippets/test6/file1.verse",
		"line_number":4,
		"token_number":1,
		"char_pos":6
	},
	{
		"sourcetext":"+",
		"file_name":"test/snippets/test6/file1.verse",
		"line_number":4,
		"token_number":2,
		"char_pos":8
	},
	{
		"sourcetext":"1",
		"file_name":"test/snippets/test6/file1.verse",
		"line_number":4,
		"token_number":3,
		"char_pos":10
	},
	{
		"sourcetext":"<",
		"file_name":"test/snippets/test6/file1.verse",
		"line_number":4,
		"token_number":4,
		"char_pos":12
	},
	{
		"sourcetext":"10",
		"file_name":"test/snippets/test6/file1.verse",
		"line_number":4,
		"token_number":5,
		"char_pos":14
	},
	{
		"sourcetext":"+",
		"file_name":"test/snippets/test6/file1.verse",
		"line_number":4,
		"token_number":6,
		"char_pos":17
	},
	{
		"sourcetext":"3",
		"file_name":"test/snippets/test6/file1.verse",
		"line_number":4,
		"token_number":7,
		"char_pos":19
	},
	{
		"sourcetext":"*",
		"file_name":"test/snippets/test6/file1.verse",
		"line_number":4,
		"token_number":8,
		"char_pos":21
	},
	{
		"sourcetext":"2",
		"file_name":"test/snippets/test6/file1.verse",
		"line_number":4,
		"token_number":9,
		"char_pos":23
	},
	{
		"sourcetext":"{",
		"file_name":"test/snippets/test6/file1.verse",
		"line_number":4,
		"token_number":10,
		"char_pos":25
	},
	{
		"sourcetext":"var",
		"file_name":"test/snippets/test6/file1.verse",
		"line_number":5,
		"token_number":0,
		"char_pos":4
	},
	{
		"sourcetext":"x",
		"file_name":"test/snippets/test6/file1.verse",
		"line_number":5,
		"token_number":1,
		"char_pos":8
	},
	{
		"sourcetext":":",
		"file_name":"test/snippets/test6/file1.verse",
		"line_number":5,
		"token_number":2,
		"char_pos":10
	},
	{
		"sourcetext":"X",
		"file_name":"test/snippets/test6/file1.verse",
		"line_number":5,
		"token_number":3,
		"char_pos":12
	},
	{
		"sourcetext":"=",
		"file_name":"test/snippets/test6/file1.verse",
		"line_number":5,
		"token_number":4,
		"char_pos":14
	},
	{
		"sourcetext":"y",
		"file_name":"test/snippets/test6/file1.verse",
		"line_number":5,
		"token_number":5,
		"char_pos":16
	},
	{
		"sourcetext":"=",
		"file_name":"test/snippets/test6/file1.verse",
		"line_number":5,
		"token_number":6,
		"char_pos":18
	},
	{
		"sourcetext":"z",
		"file_name":"test/snippets/test6/file1.verse",
		"line_number":5,
		"token_number":7,
		"char_pos":20
	},
	{
		"sourcetext":";",
		"file_name":"test/snippets/test6/file1.verse",
		"line_number":5,
		"token_number":8,
		"char_pos":21
	},
	{
		"sourcetext":"print",
		"file_name":"test/snippets/test6/file1.verse",
		"line_number":6,
		"token_number":0,
		"char_pos":4
	},
	{
		"sourcetext":"(",
		"file_name":"test/snippets/test6/file1.verse",
		"line_number":6,
		"token_number":1,
		"char_pos":9
	},
	{
		"sourcetext":"`ciao`",
		"file_name":"test/snippets/test6/file1.verse",
		"line_number":6,
		"token_number":2,
		"char_pos":10
	},
	{
		"sourcetext":")",
		"file_name":"test/snippets/test6/file1.verse",
		"line_number":6,
		"token_number":3,
		"char_pos":16
	},
	{
		"sourcetext":";",
		"file_name":"test/snippets/test6/file1.verse",
		"line_number":6,
		"token_number":4,
		"char_pos":17
	},
	{
		"sourcetext":"n",
		"file_name":"test/snippets/test6/file1.verse",
		"line_number":7,
		"token_number":0,
		"char_pos":4
	},
	{
		"sourcetext":"=",
		"file_name":"test/snippets/test6/file1.verse",
		"line_number":7,
		"token_number":1,
		"char_pos":6
	},
	{
		"sourcetext":"n",
		"file_name":"test/snippets/test6/file1.verse",
		"line_number":7,
		"token_number":2,
		"char_pos":8
	},
	{
		"sourcetext":"+",
		"file_name":"test/snippets/test6/file1.verse",
		"line_number":7,
		"token_number":3,
		"char_pos":10
	},
	{
		"sourcetext":"1",
		"file_name":"test/snippets/test6/file1.verse",
		"line_number":7,
		"token_number":4,
		"char_pos":12
	},
	{
		"sourcetext":";",
		"file_name":"test/snippets/test6/file1.verse",
		"line_number":7,
		"token_number":5,
		"char_pos":13
	},
	{
		"sourcetext":"}",
		"file_name":"test/snippets/test6/file1.verse",
		"line_number":8,
		"token_number":0,
		"char_pos":0
	},
	{
		"sourcetext":"while",
		"file_name":"test/snippets/test6/file1.verse",
		"line_number":10,
		"token_number":0,
		"char_pos":0
	},
	{
		"sourcetext":"n",
		"file_name":"test/snippets/test6/file1.verse",
		"line_number":10,
		"token_number":1,
		"char_pos":6
	},
	{
		"sourcetext":"<",
		"file_name":"test/snippets/test6/file1.verse",
		"line_number":10,
		"token_number":2,
		"char_pos":8
	},
	{
		"sourcetext":"10",
		"file_name":"test/snippets/test6/file1.verse",
		"line_number":10,
		"token_number":3,
		"char_pos":10
	},
	{
		"sourcetext":"print",
		"file_name":"test/snippets/test6/file1.verse",
		"line_number":10,
		"token_number":4,
		"char_pos":13
	},
	{
		"sourcetext":"(",
		"file_name":"test/snippets/test6/file1.verse",
		"line_number":10,
		"token_number":5,
		"char_pos":18
	},
	{
		"sourcetext":")",
		"file_name":"test/snippets/test6/file1.verse",
		"line_number":10,
		"token_number":6,
		"char_pos":19
	},
	{
		"sourcetext":";",
		"file_name":"test/snippets/test6/file1.verse",
		"line_number":10,
		"token_number":7,
		"char_pos":20
	},
	{
		"sourcetext":"if",
		"file_name":"test/snippets/test6/file2.verse",
		"line_number":3,
		"token_number":0,
		"char_pos":0
	},
	{
		"sourcetext":"n",
		"file_name":"test/snippets/test6/file2.verse",
		"line_number":3,
		"token_number":1,
		"char_pos":3
	},
	{
		"sourcetext":"<",
		"file_name":"test/snippets/test6/file2.verse",
		"line_number":3,
		"token_number":2,
		"char_pos":5
	},
	{
		"sourcetext":"10",
		"file_name":"test/snippets/test6/file2.verse",
		"line_number":3,
		"token_number":3,
		"char_pos":7
	},
	{
		"sourcetext":"{",
		"file_name":"test/snippets/test6/file2.verse",
		"line_number":3,
		"token_number":4,
		"char_pos":10
	},
	{
		"sourcetext":"print",
		"file_name":"test/snippets/test6/file2.verse",
		"line_number":4,
		"token_number":0,
		"char_pos":4
	},
	{
		"sourcetext":"(",
		"file_name":"test/snippets/test6/file2.verse",
		"line_number":4,
		"token_number":1,
		"char_pos":9
	},
	{
		"sourcetext":"`less then ten`",
		"file_name":"test/snippets/test6/file2.verse",
		"line_number":4,
		"token_number":2,
		"char_pos":10
	},
	{
		"sourcetext":")",
		"file_name":"test/snippets/test6/file2.verse",
		"line_number":4,
		"token_number":3,
		"char_pos":25
	},
	{
		"sourcetext":";",
		"file_name":"test/snippets/test6/file2.verse",
		"line_number":4,
		"token_number":4,
		"char_pos":26
	},
	{
		"sourcetext":"}",
		"file_name":"test/snippets/test6/file2.verse",
		"line_number":5,
		"token_number":0,
		"char_pos":0
	},
	{
		"sourcetext":"else",
		"file_name":"test/snippets/test6/file2.verse",
		"line_number":5,
		"token_number":1,
		"char_pos":2
	},
	{
		"sourcetext":"if",
		"file_name":"test/snippets/test6/file2.verse",
		"line_number":5,
		"token_number":2,
		"char_pos":7
	},
	{
		"sourcetext":"n",
		"file_name":"test/snippets/test6/file2.verse",
		"line_number":5,
		"token_number":3,
		"char_pos":10
	},
	{
		"sourcetext":">",
		"file_name":"test/snippets/test6/file2.verse",
		"line_number":5,
		"token_number":4,
		"char_pos":12
	},
	{
		"sourcetext":"10",
		"file_name":"test/snippets/test6/file2.verse",
		"line_number":5,
		"token_number":5,
		"char_pos":14
	},
	{
		"sourcetext":"{",
		"file_name":"test/snippets/test6/file2.verse",
		"line_number":5,
		"token_number":6,
		"char_pos":17
	},
	{
		"sourcetext":"print",
		"file_name":"test/snippets/test6/file2.verse",
		"line_number":6,
		"token_number":0,
		"char_pos":4
	},
	{
		"sourcetext":"(",
		"file_name":"test/snippets/test6/file2.verse",
		"line_number":6,
		"token_number":1,
		"char_pos":9
	},
	{
		"sourcetext":"`more then ten`",
		"file_name":"test/snippets/test6/file2.verse",
		"line_number":6,
		"token_number":2,
		"char_pos":10
	},
	{
		"sourcetext":")",
		"file_name":"test/snippets/test6/file2.verse",
		"line_number":6,
		"token_number":3,
		"char_pos":25
	},
	{
		"sourcetext":";",
		"file_name":"test/snippets/test6/file2.verse",
		"line_number":6,
		"token_number":4,
		"char_pos":26
	},
	{
		"sourcetext":"}",
		"file_name":"test/snippets/test6/file2.verse",
		"line_number":7,
		"token_number":0,
		"char_pos":0
	},
	{
		"sourcetext":"else",
		"file_name":"test/snippets/test6/file2.verse",
		"line_number":7,
		"token_number":1,
		"char_pos":2
	},
	{
		"sourcetext":"{",
		"file_name":"test/snippets/test6/file2.verse",
		"line_number":7,
		"token_number":2,
		"char_pos":7
	},
	{
		"sourcetext":"print",
		"file_name":"test/snippets/test6/file2.verse",
		"line_number":8,
		"token_number":0,
		"char_pos":4
	},
	{
		"sourcetext":"(",
		"file_name":"test/snippets/test6/file2.verse",
		"line_number":8,
		"token_number":1,
		"char_pos":9
	},
	{
		"sourcetext":"`exactly ten`",
		"file_name":"test/snippets/test6/file2.verse",
		"line_number":8,
		"token_number":2,
		"char_pos":10
	},
	{
		"sourcetext":")",
		"file_name":"test/snippets/test6/file2.verse",
		"line_number":8,
		"token_number":3,
		"char_pos":23
	},
	{
		"sourcetext":";",
		"file_name":"test/snippets/test6/file2.verse",
		"line_number":8,
		"token_number":4,
		"char_pos":24
	},
	{
		"sourcetext":"}",
		"file_name":"test/snippets/test6/file2.verse",
		"line_number":9,
		"token_number":0,
		"char_pos":0
	}
]