[
	" files: test/snippets/test4/main.verse ",
	{
		"sourcetext":"f",
		"file_name":"test/snippets/test4/main.verse",
		"line_number":3,
		"token_number":0,
		"char_pos":0
	},
	{
		"sourcetext":"(",
		"file_name":"test/snippets/test4/main.verse",
		"line_number":3,
		"token_number":1,
		"char_pos":1
	},
	{
		"sourcetext":"c",
		"file_name":"test/snippets/test4/main.verse",
		"line_number":3,
		"token_number":2,
		"char_pos":2
	},
	{
		"sourcetext":"(",
		"file_name":"test/snippets/test4/main.verse",
		"line_number":3,
		"token_number":3,
		"char_pos":3
	},
	{
		"sourcetext":")",
		"file_name":"test/snippets/test4/main.verse",
		"line_number":3,
		"token_number":4,
		"char_pos":4
	},
	{
		"sourcetext":",",
		"file_name":"test/snippets/test4/main.verse",
		"line_number":3,
		"token_number":5,
		"char_pos":5
	},
	{
		"sourcetext":"a",
		"file_name":"test/snippets/test4/main.verse",
		"line_number":3,
		"token_number":6,
		"char_pos":6
	},
	{
		"sourcetext":"+",
		"file_name":"test/snippets/test4/main.verse",
		"line_number":3,
		"token_number":7,
		"char_pos":8
	},
	{
		"sourcetext":"b",
		"file_name":"test/snippets/test4/main.verse",
		"line_number":3,
		"token_number":8,
		"char_pos":10
	},
	{
		"sourcetext":",",
		"file_name":"test/snippets/test4/main.verse",
		"line_number":3,
		"token_number":9,
		"char_pos":11
	},
	{
		"sourcetext":"g",
		"file_name":"test/snippets/test4/main.verse",
		"line_number":3,
		"token_number":10,
		"char_pos":12
	},
	{
		"sourcetext":"(",
		"file_name":"test/snippets/test4/main.verse",
		"line_number":3,
		"token_number":11,
		"char_pos":13
	},
	{
		"sourcetext":"a",
		"file_name":"test/snippets/test4/main.verse",
		"line_number":3,
		"token_number":12,
		"char_pos":14
	},
	{
		"sourcetext":"+",
		"file_name":"test/snippets/test4/main.verse",
		"line_number":3,
		"token_number":13,
		"char_pos":16
	},
	{
		"sourcetext":"b",
		"file_name":"test/snippets/test4/main.verse",
		"line_number":3,
		"token_number":14,
		"char_pos":18
	},
	{
		"sourcetext":"+",
		"file_name":"test/snippets/test4/main.verse",
		"line_number":3,
		"token_number":15,
		"char_pos":20
	},
	{
		"sourcetext":"c",
		"file_name":"test/snippets/test4/main.verse",
		"line_number":3,
		"token_number":16,
		"char_pos":22
	},
	{
		"sourcetext":"+",
		"file_name":"test/snippets/test4/main.verse",
		"line_number":3,
		"token_number":17,
		"char_pos":24
	},
	{
		"sourcetext":"d",
		"file_name":"test/snippets/test4/main.verse",
		"line_number":3,
		"token_number":18,
		"char_pos":26
	},
	{
		"sourcetext":")",
		"file_name":"test/snippets/test4/main.verse",
		"line_number":3,
		"token_number":19,
		"char_pos":27
	},
	{
		"sourcetext":",",
		"file_name":"test/snippets/test4/main.verse",
		"line_number":3,
		"token_number":20,
		"char_pos":28
	},
	{
		"sourcetext":"h",
		"file_name":"test/snippets/test4/main.verse",
		"line_number":3,
		"token_number":21,
		"char_pos":29
	},
	{
		"sourcetext":"(",
		"file_name":"test/snippets/test4/main.verse",
		"line_number":3,
		"token_number":22,
		"char_pos":30
	},
	{
		"sourcetext":")",
		"file_name":"test/snippets/test4/main.verse",
		"line_number":3,
		"token_number":23,
		"char_pos":31
	},
	{
		"sourcetext":"+",
		"file_name":"test/snippets/test4/main.verse",
		"line_number":3,
		"token_number":24,
		"char_pos":32
	},
	{
		"sourcetext":"p",
		"file_name":"test/snippets/test4/main.verse",
		"line_number":3,
		"token_number":25,
		"char_pos":33
	},
	{
		"sourcetext":"(",
		"file_name":"test/snippets/test4/main.verse",
		"line_number":3,
		"token_number":26,
		"char_pos":34
	},
	{
		"sourcetext":"s",
		"file_name":"test/snippets/test4/main.verse",
		"line_number":3,
		"token_number":27,
		"char_pos":35
	},
	{
		"sourcetext":")",
		"file_name":"test/snippets/test4/main.verse",
		"line_number":3,
		"token_number":28,
		"char_pos":36
	},
	{
		"sourcetext":")",
		"file_name":"test/snippets/test4/main.verse",
		"line_number":3,
		"token_number":29,
		"char_pos":37
	},
	{
		"sourcetext":";",
		"file_name":"test/snippets/test4/main.verse",
		"line_number":3,
		"token_number":30,
		"char_pos":38
	}
]