<!-- file: test/snippets/test4/main.verse -->
<FUNCALL name="f">
	<OPERATOR text=",">
		<OPERATOR text=",">
			<OPERATOR text=",">
				<FUNCALL name="c">
				</FUNCALL>
				<OPERATOR text="+">
					<IDENTIFIER name="a"/>
					<IDENTIFIER name="b"/>
				</OPERATOR>
			</OPERATOR>
			<FUNCALL name="g">
				<OPERATOR text="+">
					<OPERATOR text="+">
						<OPERATOR text="+">
							<IDENTIFIER name="a"/>
							<IDENTIFIER name="b"/>
						</OPERATOR>
						<IDENTIFIER name="c"/>
					</OPERATOR>
					<IDENTIFIER name="d"/>
				</OPERATOR>
			</FUNCALL>
		</OPERATOR>
		<OPERATOR text="+">
			<FUNCALL name="h">
			</FUNCALL>
			<FUNCALL name="p">
				<IDENTIFIER name="s"/>
			</FUNCALL>
		</OPERATOR>
	</OPERATOR>
</FUNCALL>
