[
	" files: test/snippets/test7/main.verse ",
	{
		"sourcetext":"func",
		"file_name":"test/snippets/test7/main.verse",
		"line_number":1,
		"token_number":0,
		"char_pos":0
	},
	{
		"sourcetext":"fibonacci",
		"file_name":"test/snippets/test7/main.verse",
		"line_number":1,
		"token_number":1,
		"char_pos":5
	},
	{
		"sourcetext":"(",
		"file_name":"test/snippets/test7/main.verse",
		"line_number":1,
		"token_number":2,
		"char_pos":14
	},
	{
		"sourcetext":"n",
		"file_name":"test/snippets/test7/main.verse",
		"line_number":1,
		"token_number":3,
		"char_pos":15
	},
	{
		"sourcetext":":",
		"file_name":"test/snippets/test7/main.verse",
		"line_number":1,
		"token_number":4,
		"char_pos":17
	},
	{
		"sourcetext":"Int",
		"file_name":"test/snippets/test7/main.verse",
		"line_number":1,
		"token_number":5,
		"char_pos":19
	},
	{
		"sourcetext":")",
		"file_name":"test/snippets/test7/main.verse",
		"line_number":1,
		"token_number":6,
		"char_pos":22
	},
	{
		"sourcetext":"{",
		"file_name":"test/snippets/test7/main.verse",
		"line_number":1,
		"token_number":7,
		"char_pos":23
	},
	{
		"sourcetext":"var",
		"file_name":"test/snippets/test7/main.verse",
		"line_number":2,
		"token_number":0,
		"char_pos":4
	},
	{
		"sourcetext":"a",
		"file_name":"test/snippets/test7/main.verse",
		"line_number":2,
		"token_number":1,
		"char_pos":8
	},
	{
		"sourcetext":":",
		"file_name":"test/snippets/test7/main.verse",
		"line_number":2,
		"token_number":2,
		"char_pos":10
	},
	{
		"sourcetext":"Int",
		"file_name":"test/snippets/test7/main.verse",
		"line_number":2,
		"token_number":3,
		"char_pos":12
	},
	{
		"sourcetext":"=",
		"file_name":"test/snippets/test7/main.verse",
		"line_number":2,
		"token_number":4,
		"char_pos":16
	},
	{
		"sourcetext":"1",
		"file_name":"test/snippets/test7/main.verse",
		"line_number":2,
		"token_number":5,
		"char_pos":18
	},
	{
		"sourcetext":";",
		"file_name":"test/snippets/test7/main.verse",
		"line_number":2,
		"token_number":6,
		"char_pos":19
	},
	{
		"sourcetext":"var",
		"file_name":"test/snippets/test7/main.verse",
		"line_number":3,
		"token_number":0,
		"char_pos":4
	},
	{
		"sourcetext":"b",
		"file_name":"test/snippets/test7/main.verse",
		"line_number":3,
		"token_number":1,
		"char_pos":8
	},
	{
		"sourcetext":":",
		"file_name":"test/snippets/test7/main.verse",
		"line_number":3,
		"token_number":2,
		"char_pos":10
	},
	{
		"sourcetext":"Int",
		"file_name":"test/snippets/test7/main.verse",
		"line_number":3,
		"token_number":3,
		"char_pos":12
	},
	{
		"sourcetext":"=",
		"file_name":"test/snippets/test7/main.verse",
		"line_number":3,
		"token_number":4,
		"char_pos":16
	},
	{
		"sourcetext":"1",
		"file_name":"test/snippets/test7/main.verse",
		"line_number":3,
		"token_number":5,
		"char_pos":18
	},
	{
		"sourcetext":";",
		"file_name":"test/snippets/test7/main.verse",
		"line_number":3,
		"token_number":6,
		"char_pos":19
	},
	{
		"sourcetext":"func",
		"file_name":"test/snippets/test7/main.verse",
		"line_number":5,
		"token_number":0,
		"char_pos":4
	},
	{
		"sourcetext":"swap",
		"file_name":"test/snippets/test7/main.verse",
		"line_number":5,
		"token_number":1,
		"char_pos":9
	},
	{
		"sourcetext":"(",
		"file_name":"test/snippets/test7/main.verse",
		"line_number":5,
		"token_number":2,
		"char_pos":13
	},
	{
		"sourcetext":"a",
		"file_name":"test/snippets/test7/main.verse",
		"line_number":5,
		"token_number":3,
		"char_pos":14
	},
	{
		"sourcetext":":",
		"file_name":"test/snippets/test7/main.verse",
		"line_number":5,
		"token_number":4,
		"char_pos":16
	},
	{
		"sourcetext":"Int",
		"file_name":"test/snippets/test7/main.verse",
		"line_number":5,
		"token_number":5,
		"char_pos":18
	},
	{
		"sourcetext":"*",
		"file_name":"test/snippets/test7/main.verse",
		"line_number":5,
		"token_number":6,
		"char_pos":21
	},
	{
		"sourcetext":",",
		"file_name":"test/snippets/test7/main.verse",
		"line_number":5,
		"token_number":7,
		"char_pos":22
	},
	{
		"sourcetext":"b",
		"file_name":"test/snippets/test7/main.verse",
		"line_number":5,
		"token_number":8,
		"char_pos":24
	},
	{
		"sourcetext":":",
		"file_name":"test/snippets/test7/main.verse",
		"line_number":5,
		"token_number":9,
		"char_pos":26
	},
	{
		"sourcetext":"Int",
		"file_name":"test/snippets/test7/main.verse",
		"line_number":5,
		"token_number":10,
		"char_pos":28
	},
	{
		"sourcetext":"*",
		"file_name":"test/snippets/test7/main.verse",
		"line_number":5,
		"token_number":11,
		"char_pos":31
	},
	{
		"sourcetext":")",
		"file_name":"test/snippets/test7/main.verse",
		"line_number":5,
		"token_number":12,
		"char_pos":32
	},
	{
		"sourcetext":"{",
		"file_name":"test/snippets/test7/main.verse",
		"line_number":5,
		"token_number":13,
		"char_pos":33
	},
	{
		"sourcetext":"var",
		"file_name":"test/snippets/test7/main.verse",
		"line_number":6,
		"token_number":0,
		"char_pos":8
	},
	{
		"sourcetext":"tmp",
		"file_name":"test/snippets/test7/main.verse",
		"line_number":6,
		"token_number":1,
		"char_pos":12
	},
	{
		"sourcetext":":",
		"file_name":"test/snippets/test7/main.verse",
		"line_number":6,
		"token_number":2,
		"char_pos":16
	},
	{
		"sourcetext":"Int",
		"file_name":"test/snippets/test7/main.verse",
		"line_number":6,
		"token_number":3,
		"char_pos":18
	},
	{
		"sourcetext":"=",
		"file_name":"test/snippets/test7/main.verse",
		"line_number":6,
		"token_number":4,
		"char_pos":22
	},
	{
		"sourcetext":"#",
		"file_name":"test/snippets/test7/main.verse",
		"line_number":6,
		"token_number":5,
		"char_pos":24
	},
	{
		"sourcetext":"a",
		"file_name":"test/snippets/test7/main.verse",
		"line_number":6,
		"token_number":6,
		"char_pos":25
	},
	{
		"sourcetext":";",
		"file_name":"test/snippets/test7/main.verse",
		"line_number":6,
		"token_number":7,
		"char_pos":26
	},
	{
		"sourcetext":"#",
		"file_name":"test/snippets/test7/main.verse",
		"line_number":7,
		"token_number":0,
		"char_pos":8
	},
	{
		"sourcetext":"a",
		"file_name":"test/snippets/test7/main.verse",
		"line_number":7,
		"token_number":1,
		"char_pos":9
	},
	{
		"sourcetext":"=",
		"file_name":"test/snippets/test7/main.verse",
		"line_number":7,
		"token_number":2,
		"char_pos":11
	},
	{
		"sourcetext":"#",
		"file_name":"test/snippets/test7/main.verse",
		"line_number":7,
		"token_number":3,
		"char_pos":13
	},
	{
		"sourcetext":"b",
		"file_name":"test/snippets/test7/main.verse",
		"line_number":7,
		"token_number":4,
		"char_pos":14
	},
	{
		"sourcetext":";",
		"file_name":"test/snippets/test7/main.verse",
		"line_number":7,
		"token_number":5,
		"char_pos":15
	},
	{
		"sourcetext":"#",
		"file_name":"test/snippets/test7/main.verse",
		"line_number":8,
		"token_number":0,
		"char_pos":8
	},
	{
		"sourcetext":"b",
		"file_name":"test/snippets/test7/main.verse",
		"line_number":8,
		"token_number":1,
		"char_pos":9
	},
	{
		"sourcetext":"=",
		"file_name":"test/snippets/test7/main.verse",
		"line_number":8,
		"token_number":2,
		"char_pos":11
	},
	{
		"sourcetext":"tmp",
		"file_name":"test/snippets/test7/main.verse",
		"line_number":8,
		"token_number":3,
		"char_pos":13
	},
	{
		"sourcetext":";",
		"file_name":"test/snippets/test7/main.verse",
		"line_number":8,
		"token_number":4,
		"char_pos":16
	},
	{
		"sourcetext":"}",
		"file_name":"test/snippets/test7/main.verse",
		"line_number":9,
		"token_number":0,
		"char_pos":4
	},
	{
		"sourcetext":"while",
		"file_name":"test/snippets/test7/main.verse",
		"line_number":11,
		"token_number":0,
		"char_pos":4
	},
	{
		"sourcetext":"(",
		"file_name":"test/snippets/test7/main.verse",
		"line_number":11,
		"token_number":1,
		"char_pos":10
	},
	{
		"sourcetext":"n",
		"file_name":"test/snippets/test7/main.verse",
		"line_number":11,
		"token_number":2,
		"char_pos":11
	},
	{
		"sourcetext":">",
		"file_name":"test/snippets/test7/main.verse",
		"line_number":11,
		"token_number":3,
		"char_pos":13
	},
	{
		"sourcetext":"0",
		"file_name":"test/snippets/test7/main.verse",
		"line_number":11,
		"token_number":4,
		"char_pos":15
	},
	{
		"sourcetext":")",
		"file_name":"test/snippets/test7/main.verse",
		"line_number":11,
		"token_number":5,
		"char_pos":16
	},
	{
		"sourcetext":"{",
		"file_name":"test/snippets/test7/main.verse",
		"line_number":11,
		"token_number":6,
		"char_pos":17
	},
	{
		"sourcetext":"swap",
		"file_name":"test/snippets/test7/main.verse",
		"line_number":12,
		"token_number":0,
		"char_pos":8
	},
	{
		"sourcetext":"(",
		"file_name":"test/snippets/test7/main.verse",
		"line_number":12,
		"token_number":1,
		"char_pos":12
	},
	{
		"sourcetext":"#",
		"file_name":"test/snippets/test7/main.verse",
		"line_number":12,
		"token_number":2,
		"char_pos":13
	},
	{
		"sourcetext":"a",
		"file_name":"test/snippets/test7/main.verse",
		"line_number":12,
		"token_number":3,
		"char_pos":14
	},
	{
		"sourcetext":",",
		"file_name":"test/snippets/test7/main.verse",
		"line_number":12,
		"token_number":4,
		"char_pos":15
	},
	{
		"sourcetext":"#",
		"file_name":"test/snippets/test7/main.verse",
		"line_number":12,
		"token_number":5,
		"char_pos":16
	},
	{
		"sourcetext":"b",
		"file_name":"test/snippets/test7/main.verse",
		"line_number":12,
		"token_number":6,
		"char_pos":17
	},
	{
		"sourcetext":")",
		"file_name":"test/snippets/test7/main.verse",
		"line_number":12,
		"token_number":7,
		"char_pos":18
	},
	{
		"sourcetext":";",
		"file_name":"test/snippets/test7/main.verse",
		"line_number":12,
		"token_number":8,
		"char_pos":19
	},
	{
		"sourcetext":"#",
		"file_name":"test/snippets/test7/main.verse",
		"line_number":13,
		"token_number":0,
		"char_pos":8
	},
	{
		"sourcetext":"b",
		"file_name":"test/snippets/test7/main.verse",
		"line_number":13,
		"token_number":1,
		"char_pos":9
	},
	{
		"sourcetext":"=",
		"file_name":"test/snippets/test7/main.verse",
		"line_number":13,
		"token_number":2,
		"char_pos":11
	},
	{
		"sourcetext":"#",
		"file_name":"test/snippets/test7/main.verse",
		"line_number":13,
		"token_number":3,
		"char_pos":13
	},
	{
		"sourcetext":"b",
		"file_name":"test/snippets/test7/main.verse",
		"line_number":13,
		"token_number":4,
		"char_pos":14
	},
	{
		"sourcetext":"+",
		"file_name":"test/snippets/test7/main.verse",
		"line_number":13,
		"token_number":5,
		"char_pos":16
	},
	{
		"sourcetext":"1",
		"file_name":"test/snippets/test7/main.verse",
		"line_number":13,
		"token_number":6,
		"char_pos":18
	},
	{
		"sourcetext":";",
		"file_name":"test/snippets/test7/main.verse",
		"line_number":13,
		"token_number":7,
		"char_pos":19
	},
	{
		"sourcetext":"n",
		"file_name":"test/snippets/test7/main.verse",
		"line_number":14,
		"token_number":0,
		"char_pos":8
	},
	{
		"sourcetext":"=",
		"file_name":"test/snippets/test7/main.verse",
		"line_number":14,
		"token_number":1,
		"char_pos":10
	},
	{
		"sourcetext":"n",
		"file_name":"test/snippets/test7/main.verse",
		"line_number":14,
		"token_number":2,
		"char_pos":12
	},
	{
		"sourcetext":"-",
		"file_name":"test/snippets/test7/main.verse",
		"line_number":14,
		"token_number":3,
		"char_pos":14
	},
	{
		"sourcetext":"1",
		"file_name":"test/snippets/test7/main.verse",
		"line_number":14,
		"token_number":4,
		"char_pos":16
	},
	{
		"sourcetext":";",
		"file_name":"test/snippets/test7/main.verse",
		"line_number":14,
		"token_number":5,
		"char_pos":17
	},
	{
		"sourcetext":"}",
		"file_name":"test/snippets/test7/main.verse",
		"line_number":15,
		"token_number":0,
		"char_pos":4
	},
	{
		"sourcetext":"result",
		"file_name":"test/snippets/test7/main.verse",
		"line_number":16,
		"token_number":0,
		"char_pos":4
	},
	{
		"sourcetext":"=",
		"file_name":"test/snippets/test7/main.verse",
		"line_number":16,
		"token_number":1,
		"char_pos":11
	},
	{
		"sourcetext":"a",
		"file_name":"test/snippets/test7/main.verse",
		"line_number":16,
		"token_number":2,
		"char_pos":13
	},
	{
		"sourcetext":";",
		"file_name":"test/snippets/test7/main.verse",
		"line_number":16,
		"token_number":3,
		"char_pos":14
	},
	{
		"sourcetext":"}",
		"file_name":"test/snippets/test7/main.verse",
		"line_number":17,
		"token_number":0,
		"char_pos":0
	}
]