<!-- file: test/snippets/test5/main.verse -->
<ASSIGNMENT>
	<IDENTIFIER name="a"/>
	<ASSIGNMENT>
		<FUNCALL name="func_that_returns_a_reference">
		</FUNCALL>
		<ASSIGNMENT>
			<OPERATOR text="#">
				<IDENTIFIER name="c"/>
			</OPERATOR>
			<LITERAL value="6" pseudotype="int"/>
		</ASSIGNMENT>
	</ASSIGNMENT>
</ASSIGNMENT>
<OPERATOR text="-">
	<OPERATOR text="-">
		<OPERATOR text="^">
			<OPERATOR text=".">
				<IDENTIFIER name="mystruct"/>
				<IDENTIFIER name="myval"/>
			</OPERATOR>
			<IDENTIFIER name="b"/>
		</OPERATOR>
	</OPERATOR>
</OPERATOR>
<VAR name="s" type="String"/>
<ASSIGNMENT>
	<IDENTIFIER name="s"/>
	<LITERAL value="`ciao`" pseudotype="string"/>
</ASSIGNMENT>
