[
	" files: test/snippets/test5/main.verse ",
	{
		"sourcetext":"a",
		"file_name":"test/snippets/test5/main.verse",
		"line_number":2,
		"token_number":0,
		"char_pos":0
	},
	{
		"sourcetext":"=",
		"file_name":"test/snippets/test5/main.verse",
		"line_number":2,
		"token_number":1,
		"char_pos":2
	},
	{
		"sourcetext":"func_that_returns_a_reference",
		"file_name":"test/snippets/test5/main.verse",
		"line_number":2,
		"token_number":2,
		"char_pos":4
	},
	{
		"sourcetext":"(",
		"file_name":"test/snippets/test5/main.verse",
		"line_number":2,
		"token_number":3,
		"char_pos":33
	},
	{
		"sourcetext":")",
		"file_name":"test/snippets/test5/main.verse",
		"line_number":2,
		"token_number":4,
		"char_pos":34
	},
	{
		"sourcetext":"=",
		"file_name":"test/snippets/test5/main.verse",
		"line_number":2,
		"token_number":5,
		"char_pos":36
	},
	{
		"sourcetext":"#",
		"file_name":"test/snippets/test5/main.verse",
		"line_number":2,
		"token_number":6,
		"char_pos":38
	},
	{
		"sourcetext":"c",
		"file_name":"test/snippets/test5/main.verse",
		"line_number":2,
		"token_number":7,
		"char_pos":39
	},
	{
		"sourcetext":"=",
		"file_name":"test/snippets/test5/main.verse",
		"line_number":2,
		"token_number":8,
		"char_pos":41
	},
	{
		"sourcetext":"6",
		"file_name":"test/snippets/test5/main.verse",
		"line_number":2,
		"token_number":9,
		"char_pos":43
	},
	{
		"sourcetext":";",
		"file_name":"test/snippets/test5/main.verse",
		"line_number":2,
		"token_number":10,
		"char_pos":44
	},
	{
		"sourcetext":"-",
		"file_name":"test/snippets/test5/main.verse",
		"line_number":4,
		"token_number":0,
		"char_pos":0
	},
	{
		"sourcetext":"-",
		"file_name":"test/snippets/test5/main.verse",
		"line_number":4,
		"token_number":1,
		"char_pos":2
	},
	{
		"sourcetext":"mystruct",
		"file_name":"test/snippets/test5/main.verse",
		"line_number":4,
		"token_number":2,
		"char_pos":4
	},
	{
		"sourcetext":".",
		"file_name":"test/snippets/test5/main.verse",
		"line_number":4,
		"token_number":3,
		"char_pos":12
	},
	{
		"sourcetext":"myval",
		"file_name":"test/snippets/test5/main.verse",
		"line_number":4,
		"token_number":4,
		"char_pos":13
	},
	{
		"sourcetext":"^",
		"file_name":"test/snippets/test5/main.verse",
		"line_number":4,
		"token_number":5,
		"char_pos":19
	},
	{
		"sourcetext":"b",
		"file_name":"test/snippets/test5/main.verse",
		"line_number":4,
		"token_number":6,
		"char_pos":21
	},
	{
		"sourcetext":";",
		"file_name":"test/snippets/test5/main.verse",
		"line_number":4,
		"token_number":7,
		"char_pos":22
	},
	{
		"sourcetext":"var",
		"file_name":"test/snippets/test5/main.verse",
		"line_number":6,
		"token_number":0,
		"char_pos":0
	},
	{
		"sourcetext":"s",
		"file_name":"test/snippets/test5/main.verse",
		"line_number":6,
		"token_number":1,
		"char_pos":4
	},
	{
		"sourcetext":":",
		"file_name":"test/snippets/test5/main.verse",
		"line_number":6,
		"token_number":2,
		"char_pos":6
	},
	{
		"sourcetext":"String",
		"file_name":"test/snippets/test5/main.verse",
		"line_number":6,
		"token_number":3,
		"char_pos":8
	},
	{
		"sourcetext":"=",
		"file_name":"test/snippets/test5/main.verse",
		"line_number":6,
		"token_number":4,
		"char_pos":15
	},
	{
		"sourcetext":"`ciao`",
		"file_name":"test/snippets/test5/main.verse",
		"line_number":6,
		"token_number":5,
		"char_pos":17
	},
	{
		"sourcetext":";",
		"file_name":"test/snippets/test5/main.verse",
		"line_number":6,
		"token_number":6,
		"char_pos":23
	}
]