<!-- file: test/snippets/test3/main.verse -->
<OPERATOR text="+">
	<OPERATOR text="+">
		<OPERATOR text="+">
			<IDENTIFIER name="z"/>
			<IDENTIFIER name="x"/>
		</OPERATOR>
		<OPERATOR text="*">
			<IDENTIFIER name="a"/>
			<OPERATOR text="^">
				<IDENTIFIER name="b"/>
				<IDENTIFIER name="c"/>
			</OPERATOR>
		</OPERATOR>
	</OPERATOR>
	<IDENTIFIER name="y"/>
</OPERATOR>
