[
	" files: test/snippets/test3/main.verse ",
	{
		"sourcetext":"z",
		"file_name":"test/snippets/test3/main.verse",
		"line_number":3,
		"token_number":0,
		"char_pos":0
	},
	{
		"sourcetext":"+",
		"file_name":"test/snippets/test3/main.verse",
		"line_number":3,
		"token_number":1,
		"char_pos":2
	},
	{
		"sourcetext":"x",
		"file_name":"test/snippets/test3/main.verse",
		"line_number":3,
		"token_number":2,
		"char_pos":4
	},
	{
		"sourcetext":"+",
		"file_name":"test/snippets/test3/main.verse",
		"line_number":3,
		"token_number":3,
		"char_pos":6
	},
	{
		"sourcetext":"a",
		"file_name":"test/snippets/test3/main.verse",
		"line_number":3,
		"token_number":4,
		"char_pos":8
	},
	{
		"sourcetext":"*",
		"file_name":"test/snippets/test3/main.verse",
		"line_number":3,
		"token_number":5,
		"char_pos":10
	},
	{
		"sourcetext":"b",
		"file_name":"test/snippets/test3/main.verse",
		"line_number":3,
		"token_number":6,
		"char_pos":12
	},
	{
		"sourcetext":"^",
		"file_name":"test/snippets/test3/main.verse",
		"line_number":3,
		"token_number":7,
		"char_pos":14
	},
	{
		"sourcetext":"c",
		"file_name":"test/snippets/test3/main.verse",
		"line_number":3,
		"token_number":8,
		"char_pos":16
	},
	{
		"sourcetext":"+",
		"file_name":"test/snippets/test3/main.verse",
		"line_number":3,
		"token_number":9,
		"char_pos":18
	},
	{
		"sourcetext":"y",
		"file_name":"test/snippets/test3/main.verse",
		"line_number":3,
		"token_number":10,
		"char_pos":20
	},
	{
		"sourcetext":";",
		"file_name":"test/snippets/test3/main.verse",
		"line_number":3,
		"token_number":11,
		"char_pos":21
	}
]