[
	" files: test/snippets/test2/main.verse ",
	{
		"sourcetext":"a",
		"file_name":"test/snippets/test2/main.verse",
		"line_number":3,
		"token_number":0,
		"char_pos":0
	},
	{
		"sourcetext":"+",
		"file_name":"test/snippets/test2/main.verse",
		"line_number":3,
		"token_number":1,
		"char_pos":2
	},
	{
		"sourcetext":"b",
		"file_name":"test/snippets/test2/main.verse",
		"line_number":3,
		"token_number":2,
		"char_pos":4
	},
	{
		"sourcetext":"*",
		"file_name":"test/snippets/test2/main.verse",
		"line_number":3,
		"token_number":3,
		"char_pos":6
	},
	{
		"sourcetext":"c",
		"file_name":"test/snippets/test2/main.verse",
		"line_number":3,
		"token_number":4,
		"char_pos":8
	},
	{
		"sourcetext":";",
		"file_name":"test/snippets/test2/main.verse",
		"line_number":3,
		"token_number":5,
		"char_pos":9
	}
]