[
	" files: test/snippets/test1/main.verse ",
	{
		"sourcetext":"a",
		"file_name":"test/snippets/test1/main.verse",
		"line_number":3,
		"token_number":0,
		"char_pos":0
	},
	{
		"sourcetext":"+",
		"file_name":"test/snippets/test1/main.verse",
		"line_number":3,
		"token_number":1,
		"char_pos":2
	},
	{
		"sourcetext":"b",
		"file_name":"test/snippets/test1/main.verse",
		"line_number":3,
		"token_number":2,
		"char_pos":4
	},
	{
		"sourcetext":";",
		"file_name":"test/snippets/test1/main.verse",
		"line_number":3,
		"token_number":3,
		"char_pos":5
	}
]